// Jest Snapshot v1, https://goo.gl/fbAQLP

exports[`Loading component renders correctly 1`] = `
{
  "asFragment": [Function],
  "baseElement": <body>
    <div>
      <div
        class="
					relative w-full h-full m-2 flex flex-col
					justify-center items-center bg-sand_day
					z-[1000]
					mb-2
				"
        data-testid="loading-component"
      >
        <img
          alt="An image of a coconut - Loading"
          class="h-16 w-16 animate-[spin_1.5s_infinite]"
          data-nimg="1"
          decoding="async"
          fetchpriority="high"
          height="100"
          src="/_next/image?url=%2Fimages%2Fcoconut.png&w=256&q=75"
          srcset="/_next/image?url=%2Fimages%2Fcoconut.png&w=128&q=75 1x, /_next/image?url=%2Fimages%2Fcoconut.png&w=256&q=75 2x"
          style="color: transparent;"
          width="100"
        />
        <div
          class="overflow-hidden w-max mt-3"
        >
          <span
            class=" animate-left-to-right relative"
          >
            ...Loading...
          </span>
        </div>
      </div>
    </div>
  </body>,
  "container": <div>
    <div
      class="
					relative w-full h-full m-2 flex flex-col
					justify-center items-center bg-sand_day
					z-[1000]
					mb-2
				"
      data-testid="loading-component"
    >
      <img
        alt="An image of a coconut - Loading"
        class="h-16 w-16 animate-[spin_1.5s_infinite]"
        data-nimg="1"
        decoding="async"
        fetchpriority="high"
        height="100"
        src="/_next/image?url=%2Fimages%2Fcoconut.png&w=256&q=75"
        srcset="/_next/image?url=%2Fimages%2Fcoconut.png&w=128&q=75 1x, /_next/image?url=%2Fimages%2Fcoconut.png&w=256&q=75 2x"
        style="color: transparent;"
        width="100"
      />
      <div
        class="overflow-hidden w-max mt-3"
      >
        <span
          class=" animate-left-to-right relative"
        >
          ...Loading...
        </span>
      </div>
    </div>
  </div>,
  "debug": [Function],
  "findAllByAltText": [Function],
  "findAllByDisplayValue": [Function],
  "findAllByLabelText": [Function],
  "findAllByPlaceholderText": [Function],
  "findAllByRole": [Function],
  "findAllByTestId": [Function],
  "findAllByText": [Function],
  "findAllByTitle": [Function],
  "findByAltText": [Function],
  "findByDisplayValue": [Function],
  "findByLabelText": [Function],
  "findByPlaceholderText": [Function],
  "findByRole": [Function],
  "findByTestId": [Function],
  "findByText": [Function],
  "findByTitle": [Function],
  "getAllByAltText": [Function],
  "getAllByDisplayValue": [Function],
  "getAllByLabelText": [Function],
  "getAllByPlaceholderText": [Function],
  "getAllByRole": [Function],
  "getAllByTestId": [Function],
  "getAllByText": [Function],
  "getAllByTitle": [Function],
  "getByAltText": [Function],
  "getByDisplayValue": [Function],
  "getByLabelText": [Function],
  "getByPlaceholderText": [Function],
  "getByRole": [Function],
  "getByTestId": [Function],
  "getByText": [Function],
  "getByTitle": [Function],
  "queryAllByAltText": [Function],
  "queryAllByDisplayValue": [Function],
  "queryAllByLabelText": [Function],
  "queryAllByPlaceholderText": [Function],
  "queryAllByRole": [Function],
  "queryAllByTestId": [Function],
  "queryAllByText": [Function],
  "queryAllByTitle": [Function],
  "queryByAltText": [Function],
  "queryByDisplayValue": [Function],
  "queryByLabelText": [Function],
  "queryByPlaceholderText": [Function],
  "queryByRole": [Function],
  "queryByTestId": [Function],
  "queryByText": [Function],
  "queryByTitle": [Function],
  "rerender": [Function],
  "unmount": [Function],
}
`;
