// Jest Snapshot v1, https://goo.gl/fbAQLP

exports[`Content Container component renders correctly 1`] = `
{
  "asFragment": [Function],
  "baseElement": <body>
    <div>
      <section
        class="
                absolute
                flex flex-col
                shadow-lg
                top-1/2
                left-1/2
                -translate-x-1/2
                -translate-y-1/2
                bg-sand_day
                border-coconut_brown
                border-solid
                rounded
                border-2
                max-h-[calc(100vh-10rem)]
                md:max-h-[calc(100vh-5rem)]
                p-5 md:p-10
                z-[997]
                w-5/6 md:w-1/2
                scrollbar
                mb-2
            "
        data-testid="content-test"
        id="content"
      >
        Content
      </section>
    </div>
  </body>,
  "container": <div>
    <section
      class="
                absolute
                flex flex-col
                shadow-lg
                top-1/2
                left-1/2
                -translate-x-1/2
                -translate-y-1/2
                bg-sand_day
                border-coconut_brown
                border-solid
                rounded
                border-2
                max-h-[calc(100vh-10rem)]
                md:max-h-[calc(100vh-5rem)]
                p-5 md:p-10
                z-[997]
                w-5/6 md:w-1/2
                scrollbar
                mb-2
            "
      data-testid="content-test"
      id="content"
    >
      Content
    </section>
  </div>,
  "debug": [Function],
  "findAllByAltText": [Function],
  "findAllByDisplayValue": [Function],
  "findAllByLabelText": [Function],
  "findAllByPlaceholderText": [Function],
  "findAllByRole": [Function],
  "findAllByTestId": [Function],
  "findAllByText": [Function],
  "findAllByTitle": [Function],
  "findByAltText": [Function],
  "findByDisplayValue": [Function],
  "findByLabelText": [Function],
  "findByPlaceholderText": [Function],
  "findByRole": [Function],
  "findByTestId": [Function],
  "findByText": [Function],
  "findByTitle": [Function],
  "getAllByAltText": [Function],
  "getAllByDisplayValue": [Function],
  "getAllByLabelText": [Function],
  "getAllByPlaceholderText": [Function],
  "getAllByRole": [Function],
  "getAllByTestId": [Function],
  "getAllByText": [Function],
  "getAllByTitle": [Function],
  "getByAltText": [Function],
  "getByDisplayValue": [Function],
  "getByLabelText": [Function],
  "getByPlaceholderText": [Function],
  "getByRole": [Function],
  "getByTestId": [Function],
  "getByText": [Function],
  "getByTitle": [Function],
  "queryAllByAltText": [Function],
  "queryAllByDisplayValue": [Function],
  "queryAllByLabelText": [Function],
  "queryAllByPlaceholderText": [Function],
  "queryAllByRole": [Function],
  "queryAllByTestId": [Function],
  "queryAllByText": [Function],
  "queryAllByTitle": [Function],
  "queryByAltText": [Function],
  "queryByDisplayValue": [Function],
  "queryByLabelText": [Function],
  "queryByPlaceholderText": [Function],
  "queryByRole": [Function],
  "queryByTestId": [Function],
  "queryByText": [Function],
  "queryByTitle": [Function],
  "rerender": [Function],
  "unmount": [Function],
}
`;
